{
  "exclude": {
    "files": "velox/dwio/orc/test/examples/expected/TestOrcFile.columnProjection.jsn|website/package-lock.json|^.secrets.baseline$",
    "lines": null
  },
  "generated_at": "2025-08-19T20:09:37Z",
  "plugins_used": [
    {
      "name": "AWSKeyDetector"
    },
    {
      "name": "ArtifactoryDetector"
    },
    {
      "name": "AzureStorageKeyDetector"
    },
    {
      "base64_limit": 4.5,
      "name": "Base64HighEntropyString"
    },
    {
      "name": "BasicAuthDetector"
    },
    {
      "name": "BoxDetector"
    },
    {
      "name": "CloudantDetector"
    },
    {
      "ghe_instance": "github.ibm.com",
      "name": "GheDetector"
    },
    {
      "name": "GitHubTokenDetector"
    },
    {
      "hex_limit": 3,
      "name": "HexHighEntropyString"
    },
    {
      "name": "IbmCloudIamDetector"
    },
    {
      "name": "IbmCosHmacDetector"
    },
    {
      "name": "JwtTokenDetector"
    },
    {
      "keyword_exclude": null,
      "name": "KeywordDetector"
    },
    {
      "name": "MailchimpDetector"
    },
    {
      "name": "NpmDetector"
    },
    {
      "name": "PrivateKeyDetector"
    },
    {
      "name": "SlackDetector"
    },
    {
      "name": "SoftlayerDetector"
    },
    {
      "name": "SquareOAuthDetector"
    },
    {
      "name": "StripeDetector"
    },
    {
      "name": "TwilioKeyDetector"
    }
  ],
  "results": {
    "scripts/ci/bm-report/default.nix": [
      {
        "hashed_secret": "409fc7b5a7fa7979f2d5798e5c32d851c21c744e",
        "is_secret": false,
        "is_verified": false,
        "line_number": 3,
        "type": "Hex High Entropy String",
        "verified_result": null
      },
      {
        "hashed_secret": "38556156b43b8f996061c523ee9524932c251bbc",
        "is_secret": false,
        "is_verified": false,
        "line_number": 39,
        "type": "Hex High Entropy String",
        "verified_result": null
      },
      {
        "hashed_secret": "af9e8c39140178f95cf660cf1f05fb19ac5d4898",
        "is_secret": false,
        "is_verified": false,
        "line_number": 40,
        "type": "Base64 High Entropy String",
        "verified_result": null
      }
    ],
    "velox/buffer/tests/StringViewBufferHolderTest.cpp": [
      {
        "hashed_secret": "994463c19f8ebbe1a77bed7ff9ab391c9d74bb4c",
        "is_secret": false,
        "is_verified": false,
        "line_number": 167,
        "type": "Base64 High Entropy String",
        "verified_result": null
      }
    ],
    "velox/common/base/tests/SimdUtilTest.cpp": [
      {
        "hashed_secret": "5ad0dbdbf9f5cd5b18998481419b31b8e90ed3d6",
        "is_secret": false,
        "is_verified": false,
        "line_number": 577,
        "type": "Base64 High Entropy String",
        "verified_result": null
      }
    ],
    "velox/common/encode/tests/Base64Test.cpp": [
      {
        "hashed_secret": "b45c42ab33e1f9691e2022a5ed7774ebbc6494e7",
        "is_secret": false,
        "is_verified": false,
        "line_number": 76,
        "type": "Base64 High Entropy String",
        "verified_result": null
      }
    ],
    "velox/common/hyperloglog/tests/DenseHllTest.cpp": [
      {
        "hashed_secret": "78192cee20b04f18bf56ef3f849b277901d870eb",
        "is_secret": false,
        "is_verified": false,
        "line_number": 176,
        "type": "Base64 High Entropy String",
        "verified_result": null
      },
      {
        "hashed_secret": "8b9e20597ae209e3ca11c8fe7bef57e9e0261c5a",
        "is_secret": false,
        "is_verified": false,
        "line_number": 190,
        "type": "Base64 High Entropy String",
        "verified_result": null
      }
    ],
    "velox/connectors/hive/storage_adapters/abfs/DefaultAzureClientProviders.h": [
      {
        "hashed_secret": "66dd6b8911e95caec8ff829b884ebcba591fea99",
        "is_secret": false,
        "is_verified": false,
        "line_number": 70,
        "type": "Secret Keyword",
        "verified_result": null
      }
    ],
    "velox/connectors/hive/storage_adapters/abfs/tests/AzuriteServer.h": [
      {
        "hashed_secret": "726684b05966cd486e3461450ac94907c0b6709a",
        "is_secret": false,
        "is_verified": false,
        "line_number": 72,
        "type": "Base64 High Entropy String",
        "verified_result": null
      }
    ],
    "velox/connectors/hive/storage_adapters/abfs/tests/DynamicSasTokenClientProviderTest.cpp": [
      {
        "hashed_secret": "726684b05966cd486e3461450ac94907c0b6709a",
        "is_secret": false,
        "is_verified": false,
        "line_number": 58,
        "type": "Base64 High Entropy String",
        "verified_result": null
      }
    ],
    "velox/connectors/hive/storage_adapters/gcs/tests/GcsFileSystemTest.cpp": [
      {
        "hashed_secret": "07cc6621fdbad7e91f468274efae9724028d99aa",
        "is_secret": false,
        "is_verified": false,
        "line_number": 221,
        "type": "Secret Keyword",
        "verified_result": null
      },
      {
        "hashed_secret": "1348b145fa1a555461c1b790a2f66614781091e9",
        "is_secret": false,
        "is_verified": false,
        "line_number": 225,
        "type": "Private Key",
        "verified_result": null
      },
      {
        "hashed_secret": "1ccdffdaa7d44feca6d6db090e83db7c58f64981",
        "is_secret": false,
        "is_verified": false,
        "line_number": 225,
        "type": "Secret Keyword",
        "verified_result": null
      }
    ],
    "velox/connectors/hive/storage_adapters/s3fs/RegisterS3FileSystem.h": [
      {
        "hashed_secret": "0f5d3f9efde217b31c4c68b9d806f0046c515375",
        "is_secret": false,
        "is_verified": false,
        "line_number": 55,
        "type": "Secret Keyword",
        "verified_result": null
      }
    ],
    "velox/connectors/hive/storage_adapters/s3fs/S3FileSystem.cpp": [
      {
        "hashed_secret": "fdced47ffcd4478646f193d8a56773c6a00f490e",
        "is_secret": false,
        "is_verified": false,
        "line_number": 317,
        "type": "Secret Keyword",
        "verified_result": null
      },
      {
        "hashed_secret": "2b6fd312515a20af1ac5f2456e5345e11ac7b23f",
        "is_secret": false,
        "is_verified": false,
        "line_number": 332,
        "type": "Secret Keyword",
        "verified_result": null
      },
      {
        "hashed_secret": "eb2700970fba2604ddd96237e050c94a84218cdf",
        "is_secret": false,
        "is_verified": false,
        "line_number": 337,
        "type": "Secret Keyword",
        "verified_result": null
      }
    ],
    "velox/connectors/hive/storage_adapters/s3fs/S3FileSystem.h": [
      {
        "hashed_secret": "0f5d3f9efde217b31c4c68b9d806f0046c515375",
        "is_secret": false,
        "is_verified": false,
        "line_number": 37,
        "type": "Secret Keyword",
        "verified_result": null
      }
    ],
    "velox/connectors/hive/storage_adapters/s3fs/tests/S3FileSystemTest.cpp": [
      {
        "hashed_secret": "a699278d86d44c05add25a25f41e1d8305a655b9",
        "is_secret": false,
        "is_verified": false,
        "line_number": 49,
        "type": "Secret Keyword",
        "verified_result": null
      },
      {
        "hashed_secret": "08d3a90a4c6d61948ba02e97ebeb8bb2ae98d051",
        "is_secret": false,
        "is_verified": false,
        "line_number": 53,
        "type": "Secret Keyword",
        "verified_result": null
      },
      {
        "hashed_secret": "a94a8fe5ccb19ba61c4c0873d391e987982fbbd3",
        "is_secret": false,
        "is_verified": false,
        "line_number": 63,
        "type": "Basic Auth Credentials",
        "verified_result": null
      }
    ],
    "velox/connectors/hive/storage_adapters/s3fs/tests/S3UtilTest.cpp": [
      {
        "hashed_secret": "355ff2e414cd02defdb3746fb106d428ed3fb124",
        "is_secret": false,
        "is_verified": false,
        "line_number": 218,
        "type": "Basic Auth Credentials",
        "verified_result": null
      },
      {
        "hashed_secret": "a743608a15b061dc43fb2ff07a73a9d43bdfd626",
        "is_secret": false,
        "is_verified": false,
        "line_number": 222,
        "type": "Basic Auth Credentials",
        "verified_result": null
      },
      {
        "hashed_secret": "8036394c1cec8d8d87cf7bb307d5bfe228e6befd",
        "is_secret": false,
        "is_verified": false,
        "line_number": 240,
        "type": "Basic Auth Credentials",
        "verified_result": null
      },
      {
        "hashed_secret": "79f7f39a09898271f640af0eaf4c9fddc9cb4a68",
        "is_secret": false,
        "is_verified": false,
        "line_number": 241,
        "type": "Basic Auth Credentials",
        "verified_result": null
      },
      {
        "hashed_secret": "606f6b4dbc80db7c039b772946820441b22b4fd2",
        "is_secret": false,
        "is_verified": false,
        "line_number": 247,
        "type": "Basic Auth Credentials",
        "verified_result": null
      },
      {
        "hashed_secret": "57446da7e4dc8b79bce1065bba08db968492485d",
        "is_secret": false,
        "is_verified": false,
        "line_number": 248,
        "type": "Basic Auth Credentials",
        "verified_result": null
      }
    ],
    "velox/docs/configs.rst": [
      {
        "hashed_secret": "14f1a8552f45332ab28e80551b22007cc8f8c313",
        "is_secret": false,
        "is_verified": false,
        "line_number": 935,
        "type": "Secret Keyword",
        "verified_result": null
      }
    ],
    "velox/docs/functions/spark/string.rst": [
      {
        "hashed_secret": "729e6055deac0f6ed94bb8e4acd4be6a48847c6b",
        "is_secret": false,
        "is_verified": false,
        "line_number": 79,
        "type": "Hex High Entropy String",
        "verified_result": null
      }
    ],
    "velox/dwio/parquet/writer/arrow/util/Hashing.h": [
      {
        "hashed_secret": "9b5ac38e500e818c7c65d8a25fae1189dd7d7120",
        "is_secret": false,
        "is_verified": false,
        "line_number": 229,
        "type": "Secret Keyword",
        "verified_result": null
      }
    ],
    "velox/exec/tests/PrefixSortTest.cpp": [
      {
        "hashed_secret": "7e0a1242bd8ef9044f27dca45f5f72ad5a1125bf",
        "is_secret": false,
        "is_verified": false,
        "line_number": 164,
        "type": "Hex High Entropy String",
        "verified_result": null
      }
    ],
    "velox/exec/tests/TableScanTest.cpp": [
      {
        "hashed_secret": "ab830e4c21aeb7552d99f43d618d936bd39477d1",
        "is_secret": false,
        "is_verified": false,
        "line_number": 4390,
        "type": "Base64 High Entropy String",
        "verified_result": null
      },
      {
        "hashed_secret": "71f766a1888fd82f1cf176dc630f7c5c0b2cb14e",
        "is_secret": false,
        "is_verified": false,
        "line_number": 4391,
        "type": "Base64 High Entropy String",
        "verified_result": null
      }
    ],
    "velox/external/perfetto/sdk/perfetto.cc": [
      {
        "hashed_secret": "83adf6ad28d0443202368328b030c0954eb672ff",
        "is_secret": false,
        "is_verified": false,
        "line_number": 50948,
        "type": "Hex High Entropy String",
        "verified_result": null
      }
    ],
    "velox/external/perfetto/sdk/perfetto.h": [
      {
        "hashed_secret": "ccd9519e85f9d43e50ae9235c5f07189c5931424",
        "is_secret": false,
        "is_verified": false,
        "line_number": 82824,
        "type": "Secret Keyword",
        "verified_result": null
      }
    ],
    "velox/external/xxhash/xxhash.h": [
      {
        "hashed_secret": "59b5ae7d61242c21f6266c44d596d410619882c5",
        "is_secret": false,
        "is_verified": false,
        "line_number": 4075,
        "type": "Secret Keyword",
        "verified_result": null
      },
      {
        "hashed_secret": "12173c26b63b5b2e9cb85e6df314bfdbf9819c25",
        "is_secret": false,
        "is_verified": false,
        "line_number": 4134,
        "type": "Secret Keyword",
        "verified_result": null
      },
      {
        "hashed_secret": "e5e8a0d690c60767100493e927be02c2eaeadb7e",
        "is_secret": false,
        "is_verified": false,
        "line_number": 4701,
        "type": "Secret Keyword",
        "verified_result": null
      },
      {
        "hashed_secret": "05261d1f43c2145f971d49365112fda2f9d44712",
        "is_secret": false,
        "is_verified": false,
        "line_number": 5423,
        "type": "Secret Keyword",
        "verified_result": null
      }
    ],
    "velox/functions/lib/ToHex.h": [
      {
        "hashed_secret": "7de560bfc52b6d4626d694d34b1ad9106aa9b6d4",
        "is_secret": false,
        "is_verified": false,
        "line_number": 29,
        "type": "Hex High Entropy String",
        "verified_result": null
      },
      {
        "hashed_secret": "f758289b5223eeff88bcc9cf49a0cb726282ccdd",
        "is_secret": false,
        "is_verified": false,
        "line_number": 30,
        "type": "Hex High Entropy String",
        "verified_result": null
      },
      {
        "hashed_secret": "068b4733dcdca1fc27dbb7f6255de298e039884d",
        "is_secret": false,
        "is_verified": false,
        "line_number": 31,
        "type": "Hex High Entropy String",
        "verified_result": null
      },
      {
        "hashed_secret": "d7e914248857f141f319deecd3c3cf63398dd155",
        "is_secret": false,
        "is_verified": false,
        "line_number": 32,
        "type": "Hex High Entropy String",
        "verified_result": null
      },
      {
        "hashed_secret": "6e2933cf0fd8e37a74c1a27eb53af2818a39e91b",
        "is_secret": false,
        "is_verified": false,
        "line_number": 33,
        "type": "Hex High Entropy String",
        "verified_result": null
      },
      {
        "hashed_secret": "92b477e687698b57d95cf81315a623004012d36d",
        "is_secret": false,
        "is_verified": false,
        "line_number": 34,
        "type": "Hex High Entropy String",
        "verified_result": null
      },
      {
        "hashed_secret": "805e8c77f28d8f6df1c08a3fdb775c8de4611a84",
        "is_secret": false,
        "is_verified": false,
        "line_number": 35,
        "type": "Hex High Entropy String",
        "verified_result": null
      },
      {
        "hashed_secret": "9e56a0a93d5e5f8e6310fdadff26f81795e42e7f",
        "is_secret": false,
        "is_verified": false,
        "line_number": 36,
        "type": "Hex High Entropy String",
        "verified_result": null
      }
    ],
    "velox/functions/prestosql/aggregates/sfm/tests/SfmSketchTest.cpp": [
      {
        "hashed_secret": "50f3cf49ed2c29ebb3e97152fe46e1263299b7ba",
        "is_secret": false,
        "is_verified": false,
        "line_number": 310,
        "type": "Base64 High Entropy String",
        "verified_result": null
      }
    ],
    "velox/functions/prestosql/aggregates/tests/ApproxDistinctTest.cpp": [
      {
        "hashed_secret": "1c26bc4d9ad1bb6396f80d6e50c13676daf91404",
        "is_secret": false,
        "is_verified": false,
        "line_number": 608,
        "type": "Base64 High Entropy String",
        "verified_result": null
      }
    ],
    "velox/functions/prestosql/tests/BinaryFunctionsTest.cpp": [
      {
        "hashed_secret": "a56a7608de9047f2afb496a055eca253399f55af",
        "is_secret": false,
        "is_verified": false,
        "line_number": 50,
        "type": "Hex High Entropy String",
        "verified_result": null
      },
      {
        "hashed_secret": "4c3fd8e8acc86bdd4e55d35d6cdc73c89c4058a8",
        "is_secret": false,
        "is_verified": false,
        "line_number": 51,
        "type": "Hex High Entropy String",
        "verified_result": null
      },
      {
        "hashed_secret": "67a74306b06d0c01624fe0d0249a570f4d093747",
        "is_secret": false,
        "is_verified": false,
        "line_number": 52,
        "type": "Hex High Entropy String",
        "verified_result": null
      },
      {
        "hashed_secret": "4026e982e356b8aff02caa2601c6bcb17fb5c645",
        "is_secret": false,
        "is_verified": false,
        "line_number": 64,
        "type": "Hex High Entropy String",
        "verified_result": null
      },
      {
        "hashed_secret": "f8a4092765cb80eb4da204a705a24e0e23e178b3",
        "is_secret": false,
        "is_verified": false,
        "line_number": 66,
        "type": "Hex High Entropy String",
        "verified_result": null
      },
      {
        "hashed_secret": "40cbe177a054b9667297020a18db57bbe758bd18",
        "is_secret": false,
        "is_verified": false,
        "line_number": 67,
        "type": "Hex High Entropy String",
        "verified_result": null
      },
      {
        "hashed_secret": "b1264e5d13335c4785dce36c531cd428421d7c45",
        "is_secret": false,
        "is_verified": false,
        "line_number": 68,
        "type": "Hex High Entropy String",
        "verified_result": null
      },
      {
        "hashed_secret": "49f290c0335fd2963a03af0ca1f2dcd3398e798a",
        "is_secret": false,
        "is_verified": false,
        "line_number": 70,
        "type": "Hex High Entropy String",
        "verified_result": null
      },
      {
        "hashed_secret": "bc95db7d987719996670533a63b642a704a45f21",
        "is_secret": false,
        "is_verified": false,
        "line_number": 73,
        "type": "Hex High Entropy String",
        "verified_result": null
      },
      {
        "hashed_secret": "41610601c52b9208739157c3d63f7d15df703de7",
        "is_secret": false,
        "is_verified": false,
        "line_number": 76,
        "type": "Hex High Entropy String",
        "verified_result": null
      },
      {
        "hashed_secret": "5c8db963609c003068846a33d46b85b807d6807a",
        "is_secret": false,
        "is_verified": false,
        "line_number": 78,
        "type": "Hex High Entropy String",
        "verified_result": null
      },
      {
        "hashed_secret": "646f130158b4d1c082f37b46a651c78c501c75c0",
        "is_secret": false,
        "is_verified": false,
        "line_number": 81,
        "type": "Hex High Entropy String",
        "verified_result": null
      },
      {
        "hashed_secret": "13322c2e603ed6c695e36ccc4f3a21de6913b130",
        "is_secret": false,
        "is_verified": false,
        "line_number": 92,
        "type": "Hex High Entropy String",
        "verified_result": null
      },
      {
        "hashed_secret": "766ac7695501cacd2fc204679f1d688144f3e2fd",
        "is_secret": false,
        "is_verified": false,
        "line_number": 96,
        "type": "Hex High Entropy String",
        "verified_result": null
      },
      {
        "hashed_secret": "244f421f896bdcdd2784dccf4eaf7c8dfd5189b5",
        "is_secret": false,
        "is_verified": false,
        "line_number": 100,
        "type": "Hex High Entropy String",
        "verified_result": null
      },
      {
        "hashed_secret": "62933b2e659aec1a10b3a34e6335a5a3fcd46831",
        "is_secret": false,
        "is_verified": false,
        "line_number": 113,
        "type": "Hex High Entropy String",
        "verified_result": null
      },
      {
        "hashed_secret": "0c7dc8f50e92196a7cea316569721ba9e379385d",
        "is_secret": false,
        "is_verified": false,
        "line_number": 117,
        "type": "Hex High Entropy String",
        "verified_result": null
      },
      {
        "hashed_secret": "45faef6a08e3280bf80d7e14953643a3b0e62e0c",
        "is_secret": false,
        "is_verified": false,
        "line_number": 121,
        "type": "Hex High Entropy String",
        "verified_result": null
      },
      {
        "hashed_secret": "23e339ebfc6e9ddb24ec830eab2ac719d666192a",
        "is_secret": false,
        "is_verified": false,
        "line_number": 125,
        "type": "Hex High Entropy String",
        "verified_result": null
      },
      {
        "hashed_secret": "911298e647ab1ae2f3d4cbb07274e77ac545bc6f",
        "is_secret": false,
        "is_verified": false,
        "line_number": 157,
        "type": "Hex High Entropy String",
        "verified_result": null
      },
      {
        "hashed_secret": "e69e27cc772d64020b48f29c6851fac318a29d13",
        "is_secret": false,
        "is_verified": false,
        "line_number": 160,
        "type": "Hex High Entropy String",
        "verified_result": null
      },
      {
        "hashed_secret": "8e11991009ac8bb6be2df85521f4a8e4b8b86d06",
        "is_secret": false,
        "is_verified": false,
        "line_number": 161,
        "type": "Hex High Entropy String",
        "verified_result": null
      },
      {
        "hashed_secret": "6cbc2ac000d9e3242b556c74bcea2866bda08602",
        "is_secret": false,
        "is_verified": false,
        "line_number": 163,
        "type": "Hex High Entropy String",
        "verified_result": null
      },
      {
        "hashed_secret": "d8e6066837f71ac2e73f2f1502a1aa4e70119a66",
        "is_secret": false,
        "is_verified": false,
        "line_number": 164,
        "type": "Hex High Entropy String",
        "verified_result": null
      },
      {
        "hashed_secret": "a97d81aceb98210b6c886fbf223ac6b69c24f204",
        "is_secret": false,
        "is_verified": false,
        "line_number": 166,
        "type": "Hex High Entropy String",
        "verified_result": null
      },
      {
        "hashed_secret": "961b81c92e5981440578851b68cdf57912c92844",
        "is_secret": false,
        "is_verified": false,
        "line_number": 193,
        "type": "Hex High Entropy String",
        "verified_result": null
      },
      {
        "hashed_secret": "1542eca5d42aae66f530eccac3a1711ef31ab1c9",
        "is_secret": false,
        "is_verified": false,
        "line_number": 196,
        "type": "Hex High Entropy String",
        "verified_result": null
      },
      {
        "hashed_secret": "c5107a789730d8584fd1c73c3ab4c0ecef60d1d6",
        "is_secret": false,
        "is_verified": false,
        "line_number": 199,
        "type": "Hex High Entropy String",
        "verified_result": null
      },
      {
        "hashed_secret": "d1381c5bb0172a381e643acb4bd29d73cff00fac",
        "is_secret": false,
        "is_verified": false,
        "line_number": 203,
        "type": "Hex High Entropy String",
        "verified_result": null
      },
      {
        "hashed_secret": "9fece86a2f0b0ac02b338a31d874b97959264a93",
        "is_secret": false,
        "is_verified": false,
        "line_number": 204,
        "type": "Hex High Entropy String",
        "verified_result": null
      },
      {
        "hashed_secret": "00610a04823ab2c7787ac0a15f521e4cc24f5c98",
        "is_secret": false,
        "is_verified": false,
        "line_number": 227,
        "type": "Hex High Entropy String",
        "verified_result": null
      },
      {
        "hashed_secret": "74b1dcce34eef2e2ce6a131a4af39d8802c4c448",
        "is_secret": false,
        "is_verified": false,
        "line_number": 231,
        "type": "Hex High Entropy String",
        "verified_result": null
      },
      {
        "hashed_secret": "ab6a217ffafbd7b2971fc57244b4e324d011da64",
        "is_secret": false,
        "is_verified": false,
        "line_number": 235,
        "type": "Hex High Entropy String",
        "verified_result": null
      },
      {
        "hashed_secret": "0d4d0ccdf6d6b9f47dfdc31dc6a848bae511fdc9",
        "is_secret": false,
        "is_verified": false,
        "line_number": 251,
        "type": "Hex High Entropy String",
        "verified_result": null
      },
      {
        "hashed_secret": "37e90fe2f9cf4df4df571b329dcffdbcedeca03a",
        "is_secret": false,
        "is_verified": false,
        "line_number": 255,
        "type": "Hex High Entropy String",
        "verified_result": null
      },
      {
        "hashed_secret": "9b5649764e128d06b48fe6361db4d03caddad601",
        "is_secret": false,
        "is_verified": false,
        "line_number": 272,
        "type": "Hex High Entropy String",
        "verified_result": null
      },
      {
        "hashed_secret": "5b14c49dd5c4b7cf3a0621984affa75f5f1a7b94",
        "is_secret": false,
        "is_verified": false,
        "line_number": 274,
        "type": "Hex High Entropy String",
        "verified_result": null
      },
      {
        "hashed_secret": "16351031344aab1428f6ea94a15d1babc4fd2221",
        "is_secret": false,
        "is_verified": false,
        "line_number": 276,
        "type": "Hex High Entropy String",
        "verified_result": null
      },
      {
        "hashed_secret": "c296b607b77d1b1ded784fcb88d0565299f280b5",
        "is_secret": false,
        "is_verified": false,
        "line_number": 305,
        "type": "Hex High Entropy String",
        "verified_result": null
      },
      {
        "hashed_secret": "938628df19e298cbff46a1fdf9a709002baabe3b",
        "is_secret": false,
        "is_verified": false,
        "line_number": 310,
        "type": "Hex High Entropy String",
        "verified_result": null
      },
      {
        "hashed_secret": "23119cab094a3c40c525758a921d6b0e75b79541",
        "is_secret": false,
        "is_verified": false,
        "line_number": 311,
        "type": "Hex High Entropy String",
        "verified_result": null
      },
      {
        "hashed_secret": "55e6890913cccb542ac93305560208c220de1ff0",
        "is_secret": false,
        "is_verified": false,
        "line_number": 312,
        "type": "Hex High Entropy String",
        "verified_result": null
      },
      {
        "hashed_secret": "a69425a6c1687bf381cfaceeafa1a9e3c27bbd46",
        "is_secret": false,
        "is_verified": false,
        "line_number": 313,
        "type": "Hex High Entropy String",
        "verified_result": null
      },
      {
        "hashed_secret": "63c3a30f042f58e0fd086e8b1e2d581cbc082477",
        "is_secret": false,
        "is_verified": false,
        "line_number": 315,
        "type": "Hex High Entropy String",
        "verified_result": null
      },
      {
        "hashed_secret": "70a97eededc5c7003ada05ac30f24604618da57b",
        "is_secret": false,
        "is_verified": false,
        "line_number": 326,
        "type": "Hex High Entropy String",
        "verified_result": null
      },
      {
        "hashed_secret": "09b76a8a911ecf9f5762c5a73a8db8169844e8bf",
        "is_secret": false,
        "is_verified": false,
        "line_number": 327,
        "type": "Hex High Entropy String",
        "verified_result": null
      },
      {
        "hashed_secret": "06e9981d3e56e768a5ad21b521adac23abde1ea0",
        "is_secret": false,
        "is_verified": false,
        "line_number": 329,
        "type": "Hex High Entropy String",
        "verified_result": null
      },
      {
        "hashed_secret": "248149b747736eeea3b8982d5e1381dc9428f79a",
        "is_secret": false,
        "is_verified": false,
        "line_number": 370,
        "type": "Hex High Entropy String",
        "verified_result": null
      },
      {
        "hashed_secret": "bb51e73ece0cc447209354deba4de6da46ca1e6a",
        "is_secret": false,
        "is_verified": false,
        "line_number": 384,
        "type": "Hex High Entropy String",
        "verified_result": null
      },
      {
        "hashed_secret": "a98c5d8c0135c44c71372633c2208b8fec8fcea1",
        "is_secret": false,
        "is_verified": false,
        "line_number": 631,
        "type": "Hex High Entropy String",
        "verified_result": null
      },
      {
        "hashed_secret": "5516bbec938a8cd39da294a4c3244b4d64b6fe10",
        "is_secret": false,
        "is_verified": false,
        "line_number": 677,
        "type": "Hex High Entropy String",
        "verified_result": null
      },
      {
        "hashed_secret": "fd6e9128c3eada7398aa50aec979e4d015e1b08a",
        "is_secret": false,
        "is_verified": false,
        "line_number": 679,
        "type": "Hex High Entropy String",
        "verified_result": null
      },
      {
        "hashed_secret": "a9e9b2ad7309d2b80d3db28ea1835a64a99b477b",
        "is_secret": false,
        "is_verified": false,
        "line_number": 680,
        "type": "Hex High Entropy String",
        "verified_result": null
      },
      {
        "hashed_secret": "bb6c6afaa2b86f640738bec0a0b2b0a94a6e7e16",
        "is_secret": false,
        "is_verified": false,
        "line_number": 864,
        "type": "Hex High Entropy String",
        "verified_result": null
      }
    ],
    "velox/functions/prestosql/tests/DateTimeFunctionsTest.cpp": [
      {
        "hashed_secret": "91e43d6a6053fccb627b241526baa77149b63757",
        "is_secret": false,
        "is_verified": false,
        "line_number": 3874,
        "type": "Base64 High Entropy String",
        "verified_result": null
      }
    ],
    "velox/functions/prestosql/tests/JsonCastTest.cpp": [
      {
        "hashed_secret": "161778020d3b46fe4e5ebbd804a335e370038119",
        "is_secret": false,
        "is_verified": false,
        "line_number": 1697,
        "type": "Hex High Entropy String",
        "verified_result": null
      }
    ],
    "velox/functions/prestosql/tests/ParsePrestoDataSizeTest.cpp": [
      {
        "hashed_secret": "8449a7975ca23c97a0364214445caf86cf9a5557",
        "is_secret": false,
        "is_verified": false,
        "line_number": 79,
        "type": "Hex High Entropy String",
        "verified_result": null
      },
      {
        "hashed_secret": "f38a80f33010966bc0be5493f61b8fcf0a5cb36f",
        "is_secret": false,
        "is_verified": false,
        "line_number": 81,
        "type": "Hex High Entropy String",
        "verified_result": null
      },
      {
        "hashed_secret": "f42d12222400cc3a4980020651c77c4ced3a3933",
        "is_secret": false,
        "is_verified": false,
        "line_number": 109,
        "type": "Hex High Entropy String",
        "verified_result": null
      }
    ],
    "velox/functions/prestosql/tests/UuidFunctionsTest.cpp": [
      {
        "hashed_secret": "94d01ef30bd7cb579fcf0032ad7c0117d267db9d",
        "is_secret": false,
        "is_verified": false,
        "line_number": 140,
        "type": "Hex High Entropy String",
        "verified_result": null
      },
      {
        "hashed_secret": "f5d471b73410f51ed0c0dabc5fab59be3e7792b1",
        "is_secret": false,
        "is_verified": false,
        "line_number": 141,
        "type": "Hex High Entropy String",
        "verified_result": null
      },
      {
        "hashed_secret": "bff9c33ac0413a7c2ae90a46d3ffaa4de3db891f",
        "is_secret": false,
        "is_verified": false,
        "line_number": 142,
        "type": "Hex High Entropy String",
        "verified_result": null
      }
    ],
    "velox/functions/prestosql/types/UuidRegistration.cpp": [
      {
        "hashed_secret": "4c6a606a90bd84c0402ee2a81783d6e844f28548",
        "is_secret": false,
        "is_verified": false,
        "line_number": 47,
        "type": "Hex High Entropy String",
        "verified_result": null
      },
      {
        "hashed_secret": "4271035d1d11be2e6c5290efeaf3a991cc3c63b5",
        "is_secret": false,
        "is_verified": false,
        "line_number": 48,
        "type": "Hex High Entropy String",
        "verified_result": null
      },
      {
        "hashed_secret": "e451ba6dbc63bdabd1a029a9257a984d9e51db21",
        "is_secret": false,
        "is_verified": false,
        "line_number": 49,
        "type": "Hex High Entropy String",
        "verified_result": null
      },
      {
        "hashed_secret": "7eec2adff88e18ff14d3aea91688692f4bb98a37",
        "is_secret": false,
        "is_verified": false,
        "line_number": 50,
        "type": "Hex High Entropy String",
        "verified_result": null
      },
      {
        "hashed_secret": "09d2a5d2464d300fa221f7150a4dc77e05d0408d",
        "is_secret": false,
        "is_verified": false,
        "line_number": 51,
        "type": "Hex High Entropy String",
        "verified_result": null
      },
      {
        "hashed_secret": "3c9842aa53d72e24e7d8bb0bf032fe345ed544cd",
        "is_secret": false,
        "is_verified": false,
        "line_number": 52,
        "type": "Hex High Entropy String",
        "verified_result": null
      },
      {
        "hashed_secret": "51b55001db3e42150d344b3b543c0af37a7b93d4",
        "is_secret": false,
        "is_verified": false,
        "line_number": 53,
        "type": "Hex High Entropy String",
        "verified_result": null
      },
      {
        "hashed_secret": "bab1d826b14eb91940528e115a41847624a0b67a",
        "is_secret": false,
        "is_verified": false,
        "line_number": 54,
        "type": "Hex High Entropy String",
        "verified_result": null
      }
    ],
    "velox/functions/sparksql/tests/ArithmeticTest.cpp": [
      {
        "hashed_secret": "9d9e0ea770fb853bfae593d06431b9afebc6bfdf",
        "is_secret": false,
        "is_verified": false,
        "line_number": 637,
        "type": "Hex High Entropy String",
        "verified_result": null
      },
      {
        "hashed_secret": "9d1c292848e5fd33c1a2b4b200091fd9a41187f7",
        "is_secret": false,
        "is_verified": false,
        "line_number": 638,
        "type": "Hex High Entropy String",
        "verified_result": null
      },
      {
        "hashed_secret": "bb72732389dd6bc6cc408742dbc85ecc70f05679",
        "is_secret": false,
        "is_verified": false,
        "line_number": 639,
        "type": "Hex High Entropy String",
        "verified_result": null
      }
    ],
    "velox/functions/sparksql/tests/StringTest.cpp": [
      {
        "hashed_secret": "2b596052673566f2116c07a0e7630f3b5f1d27a2",
        "is_secret": false,
        "is_verified": false,
        "line_number": 370,
        "type": "Hex High Entropy String",
        "verified_result": null
      },
      {
        "hashed_secret": "67a74306b06d0c01624fe0d0249a570f4d093747",
        "is_secret": false,
        "is_verified": false,
        "line_number": 469,
        "type": "Hex High Entropy String",
        "verified_result": null
      },
      {
        "hashed_secret": "4c3fd8e8acc86bdd4e55d35d6cdc73c89c4058a8",
        "is_secret": false,
        "is_verified": false,
        "line_number": 470,
        "type": "Hex High Entropy String",
        "verified_result": null
      },
      {
        "hashed_secret": "10a34637ad661d98ba3344717656fcc76209c2f8",
        "is_secret": false,
        "is_verified": false,
        "line_number": 673,
        "type": "Hex High Entropy String",
        "verified_result": null
      },
      {
        "hashed_secret": "7d75e3b900322c8fb9b7724a1c44b68fafdc08d1",
        "is_secret": false,
        "is_verified": false,
        "line_number": 674,
        "type": "Hex High Entropy String",
        "verified_result": null
      },
      {
        "hashed_secret": "3d82b7ab1ba2f06858b6ba0bd7caeea434ea9f38",
        "is_secret": false,
        "is_verified": false,
        "line_number": 677,
        "type": "Hex High Entropy String",
        "verified_result": null
      },
      {
        "hashed_secret": "8184d1128245734da34975b1a8ae59281c6e4b63",
        "is_secret": false,
        "is_verified": false,
        "line_number": 700,
        "type": "Hex High Entropy String",
        "verified_result": null
      },
      {
        "hashed_secret": "d49971defd37b1b2a824d384d8d15c26e80b002d",
        "is_secret": false,
        "is_verified": false,
        "line_number": 703,
        "type": "Hex High Entropy String",
        "verified_result": null
      },
      {
        "hashed_secret": "ded2fb7ee00a58fdc3521954014c7b3ce353e2c0",
        "is_secret": false,
        "is_verified": false,
        "line_number": 706,
        "type": "Hex High Entropy String",
        "verified_result": null
      },
      {
        "hashed_secret": "244f421f896bdcdd2784dccf4eaf7c8dfd5189b5",
        "is_secret": false,
        "is_verified": false,
        "line_number": 709,
        "type": "Hex High Entropy String",
        "verified_result": null
      },
      {
        "hashed_secret": "d3f190808e99575357eae9f4c68c5aeed6ebd90b",
        "is_secret": false,
        "is_verified": false,
        "line_number": 712,
        "type": "Hex High Entropy String",
        "verified_result": null
      },
      {
        "hashed_secret": "ce942da9f9719bed55db6f5fd864dc4bc79ca0f7",
        "is_secret": false,
        "is_verified": false,
        "line_number": 715,
        "type": "Hex High Entropy String",
        "verified_result": null
      },
      {
        "hashed_secret": "47b5feb2f60aa53c2fc92b489f3faec49cfae375",
        "is_secret": false,
        "is_verified": false,
        "line_number": 718,
        "type": "Hex High Entropy String",
        "verified_result": null
      },
      {
        "hashed_secret": "bd6a01944f8ce22fa82bfcecf113ceeee4b5f69f",
        "is_secret": false,
        "is_verified": false,
        "line_number": 719,
        "type": "Hex High Entropy String",
        "verified_result": null
      },
      {
        "hashed_secret": "7f8e5ff7f3ba2b4bd8351cc51099334d2712000a",
        "is_secret": false,
        "is_verified": false,
        "line_number": 722,
        "type": "Hex High Entropy String",
        "verified_result": null
      },
      {
        "hashed_secret": "2d7f975756b2763751ac4cc617086c0a35f3edf3",
        "is_secret": false,
        "is_verified": false,
        "line_number": 723,
        "type": "Hex High Entropy String",
        "verified_result": null
      },
      {
        "hashed_secret": "ffb9d9e660c0d3302f2183d95701b64cdcff10b0",
        "is_secret": false,
        "is_verified": false,
        "line_number": 726,
        "type": "Hex High Entropy String",
        "verified_result": null
      },
      {
        "hashed_secret": "e510fb590cf7994317b3fdcc8dfa5e0c84899e89",
        "is_secret": false,
        "is_verified": false,
        "line_number": 727,
        "type": "Hex High Entropy String",
        "verified_result": null
      },
      {
        "hashed_secret": "967d432665c5b8c64d5382380de581b403492fae",
        "is_secret": false,
        "is_verified": false,
        "line_number": 730,
        "type": "Hex High Entropy String",
        "verified_result": null
      },
      {
        "hashed_secret": "f8649fe37ec98d54cfc98fe633ca27ee8b9d5671",
        "is_secret": false,
        "is_verified": false,
        "line_number": 731,
        "type": "Hex High Entropy String",
        "verified_result": null
      },
      {
        "hashed_secret": "7239b72137ec283a9e948d71a7ec24cb616d32f8",
        "is_secret": false,
        "is_verified": false,
        "line_number": 734,
        "type": "Hex High Entropy String",
        "verified_result": null
      },
      {
        "hashed_secret": "e02f2e2e6b7c81cede252840a3d6a0ff3f105f67",
        "is_secret": false,
        "is_verified": false,
        "line_number": 735,
        "type": "Hex High Entropy String",
        "verified_result": null
      },
      {
        "hashed_secret": "4c2908767937a8614509d8e41523935490343a6c",
        "is_secret": false,
        "is_verified": false,
        "line_number": 738,
        "type": "Hex High Entropy String",
        "verified_result": null
      },
      {
        "hashed_secret": "d375086915281f717c5261221223f87bb74b4658",
        "is_secret": false,
        "is_verified": false,
        "line_number": 739,
        "type": "Hex High Entropy String",
        "verified_result": null
      }
    ]
  },
  "version": "0.13.1+ibm.62.dss",
  "word_list": {
    "file": null,
    "hash": null
  }
}
